Creating test database for alias 'default'...
System check identified no issues (0 silenced).
Destroying test database for alias 'default'...
